------------------------------------------------------------
TimeQuest Timing Analyzer Summary
------------------------------------------------------------

Type  : Slow 1200mV 85C Model Setup 'fsm:TOFSM|en_Subtractor'
Slack : -11.537
TNS   : -1572.416

Type  : Slow 1200mV 85C Model Setup 'modeCos'
Slack : -10.803
TNS   : -305.929

Type  : Slow 1200mV 85C Model Setup 'fsm:TOFSM|currentState.s0'
Slack : -6.323
TNS   : -23.815

Type  : Slow 1200mV 85C Model Setup 'clk'
Slack : -3.061
TNS   : -581.881

Type  : Slow 1200mV 85C Model Hold 'modeCos'
Slack : 0.118
TNS   : 0.000

Type  : Slow 1200mV 85C Model Hold 'fsm:TOFSM|currentState.s0'
Slack : 0.230
TNS   : 0.000

Type  : Slow 1200mV 85C Model Hold 'clk'
Slack : 0.300
TNS   : 0.000

Type  : Slow 1200mV 85C Model Hold 'fsm:TOFSM|en_Subtractor'
Slack : 0.383
TNS   : 0.000

Type  : Slow 1200mV 85C Model Minimum Pulse Width 'clk'
Slack : -4.000
TNS   : -677.152

Type  : Slow 1200mV 85C Model Minimum Pulse Width 'modeCos'
Slack : -3.000
TNS   : -3.000

Type  : Slow 1200mV 85C Model Minimum Pulse Width 'fsm:TOFSM|currentState.s0'
Slack : 0.334
TNS   : 0.000

Type  : Slow 1200mV 85C Model Minimum Pulse Width 'fsm:TOFSM|en_Subtractor'
Slack : 0.416
TNS   : 0.000

Type  : Slow 1200mV 0C Model Setup 'fsm:TOFSM|en_Subtractor'
Slack : -10.686
TNS   : -1461.710

Type  : Slow 1200mV 0C Model Setup 'modeCos'
Slack : -9.991
TNS   : -280.149

Type  : Slow 1200mV 0C Model Setup 'fsm:TOFSM|currentState.s0'
Slack : -5.782
TNS   : -22.626

Type  : Slow 1200mV 0C Model Setup 'clk'
Slack : -2.716
TNS   : -509.837

Type  : Slow 1200mV 0C Model Hold 'modeCos'
Slack : 0.105
TNS   : 0.000

Type  : Slow 1200mV 0C Model Hold 'fsm:TOFSM|en_Subtractor'
Slack : 0.349
TNS   : 0.000

Type  : Slow 1200mV 0C Model Hold 'clk'
Slack : 0.381
TNS   : 0.000

Type  : Slow 1200mV 0C Model Hold 'fsm:TOFSM|currentState.s0'
Slack : 0.392
TNS   : 0.000

Type  : Slow 1200mV 0C Model Minimum Pulse Width 'clk'
Slack : -4.000
TNS   : -675.982

Type  : Slow 1200mV 0C Model Minimum Pulse Width 'modeCos'
Slack : -3.000
TNS   : -5.728

Type  : Slow 1200mV 0C Model Minimum Pulse Width 'fsm:TOFSM|currentState.s0'
Slack : 0.148
TNS   : 0.000

Type  : Slow 1200mV 0C Model Minimum Pulse Width 'fsm:TOFSM|en_Subtractor'
Slack : 0.314
TNS   : 0.000

Type  : Fast 1200mV 0C Model Setup 'fsm:TOFSM|en_Subtractor'
Slack : -4.767
TNS   : -604.878

Type  : Fast 1200mV 0C Model Setup 'modeCos'
Slack : -3.985
TNS   : -99.357

Type  : Fast 1200mV 0C Model Setup 'fsm:TOFSM|currentState.s0'
Slack : -2.443
TNS   : -8.174

Type  : Fast 1200mV 0C Model Setup 'clk'
Slack : -1.222
TNS   : -215.409

Type  : Fast 1200mV 0C Model Hold 'modeCos'
Slack : -0.101
TNS   : -0.116

Type  : Fast 1200mV 0C Model Hold 'clk'
Slack : -0.004
TNS   : -0.004

Type  : Fast 1200mV 0C Model Hold 'fsm:TOFSM|en_Subtractor'
Slack : 0.138
TNS   : 0.000

Type  : Fast 1200mV 0C Model Hold 'fsm:TOFSM|currentState.s0'
Slack : 0.251
TNS   : 0.000

Type  : Fast 1200mV 0C Model Minimum Pulse Width 'clk'
Slack : -3.000
TNS   : -254.485

Type  : Fast 1200mV 0C Model Minimum Pulse Width 'modeCos'
Slack : -3.000
TNS   : -14.332

Type  : Fast 1200mV 0C Model Minimum Pulse Width 'fsm:TOFSM|currentState.s0'
Slack : 0.364
TNS   : 0.000

Type  : Fast 1200mV 0C Model Minimum Pulse Width 'fsm:TOFSM|en_Subtractor'
Slack : 0.384
TNS   : 0.000

------------------------------------------------------------
