--------------------------------------------------------------------------------------
Timing Analyzer Summary
--------------------------------------------------------------------------------------

Type           : Worst-case tsu
Slack          : N/A
Required Time  : None
Actual Time    : 5.459 ns
From           : Sudut[4]
To             : angle_baru[4]
From Clock     : --
To Clock       : modeSin
Failed Paths   : 0

Type           : Worst-case tco
Slack          : N/A
Required Time  : None
Actual Time    : 12.273 ns
From           : angka[7]$latch
To             : angka[7]
From Clock     : modeCos
To Clock       : --
Failed Paths   : 0

Type           : Worst-case th
Slack          : N/A
Required Time  : None
Actual Time    : 2.428 ns
From           : modeSin
To             : angka[31]$latch
From Clock     : --
To Clock       : modeCos
Failed Paths   : 0

Type           : Clock Setup: 'clk'
Slack          : N/A
Required Time  : None
Actual Time    : 77.01 MHz ( period = 12.986 ns )
From           : regisAngle:blokRegisAngle|outputRegister[1]
To             : subtractor:blokSubtractor|y_outTemp[32]
From Clock     : clk
To Clock       : clk
Failed Paths   : 0

Type           : Clock Setup: 'modeSin'
Slack          : N/A
Required Time  : None
Actual Time    : Restricted to 380.08 MHz ( period = 2.631 ns )
From           : angkaTemp[63]
To             : angka[31]$latch
From Clock     : modeSin
To Clock       : modeSin
Failed Paths   : 0

Type           : Clock Setup: 'modeCos'
Slack          : N/A
Required Time  : None
Actual Time    : Restricted to 405.02 MHz ( period = 2.469 ns )
From           : angkaTemp[63]
To             : angka[31]$latch
From Clock     : modeCos
To Clock       : modeCos
Failed Paths   : 0

Type           : Clock Hold: 'clk'
Slack          : Not operational: Clock Skew > Data Delay
Required Time  : None
Actual Time    : N/A
From           : regisY:blokRegisY|outputRegister[31]
To             : subtractor:blokSubtractor|a[31]
From Clock     : clk
To Clock       : clk
Failed Paths   : 952

Type           : Total number of failed paths
Slack          : 
Required Time  : 
Actual Time    : 
From           : 
To             : 
From Clock     : 
To Clock       : 
Failed Paths   : 952

--------------------------------------------------------------------------------------

