--------------------------------------------------------------------------------------
Timing Analyzer Summary
--------------------------------------------------------------------------------------

Type           : Worst-case tsu
Slack          : N/A
Required Time  : None
Actual Time    : 10.138 ns
From           : Sudut[0]
To             : fsm:TOFSM|currentState.s2
From Clock     : --
To Clock       : clk
Failed Paths   : 0

Type           : Worst-case tco
Slack          : N/A
Required Time  : None
Actual Time    : 11.943 ns
From           : angka[9]$latch
To             : angka[9]
From Clock     : modeSin
To Clock       : --
Failed Paths   : 0

Type           : Worst-case th
Slack          : N/A
Required Time  : None
Actual Time    : 1.084 ns
From           : Sudut[22]
To             : subtractor:blokSubtractor|angle_outTemp[26]
From Clock     : --
To Clock       : clk
Failed Paths   : 0

Type           : Clock Setup: 'clk'
Slack          : N/A
Required Time  : None
Actual Time    : 84.56 MHz ( period = 11.826 ns )
From           : regisAngle:blokRegisAngle|outputRegister[0]
To             : subtractor:blokSubtractor|x_outTemp[14]
From Clock     : clk
To Clock       : clk
Failed Paths   : 0

Type           : Clock Setup: 'modeSin'
Slack          : N/A
Required Time  : None
Actual Time    : Restricted to 405.02 MHz ( period = 2.469 ns )
From           : angkaTemp[58]
To             : angka[28]$latch
From Clock     : modeSin
To Clock       : modeSin
Failed Paths   : 0

Type           : Clock Setup: 'modeCos'
Slack          : N/A
Required Time  : None
Actual Time    : Restricted to 405.02 MHz ( period = 2.469 ns )
From           : angkaTemp[58]
To             : angka[28]$latch
From Clock     : modeCos
To Clock       : modeCos
Failed Paths   : 0

Type           : Clock Hold: 'clk'
Slack          : Not operational: Clock Skew > Data Delay
Required Time  : None
Actual Time    : N/A
From           : regisX:blokRegisX|outputRegister[31]
To             : subtractor:blokSubtractor|b[31]
From Clock     : clk
To Clock       : clk
Failed Paths   : 1115

Type           : Total number of failed paths
Slack          : 
Required Time  : 
Actual Time    : 
From           : 
To             : 
From Clock     : 
To Clock       : 
Failed Paths   : 1115

--------------------------------------------------------------------------------------

